// Jest Snapshot v1, https://jestjs.io/docs/snapshot-testing

exports[`config getBrowsersList: browserslist 1`] = `
[
  "and_chr 152",
  "android 152",
  "chrome 154",
  "chrome 153",
  "chrome 151",
  "chrome 150",
  "chrome 149",
  "chrome 145",
  "edge 152",
  "edge 151",
  "firefox 156",
  "firefox 155",
  "ios_saf 27.0",
  "ios_saf 26.6",
  "ios_saf 26.5",
  "ios_saf 18.5-18.7",
  "opera 135",
  "opera 134",
  "safari 27",
  "safari 26.6",
  "samsung 30",
]
`;

exports[`config getBrowsersList: expectedBrowsers 1`] = `
[
  "> 1%",
  "last 1 Android versions",
  "last 1 ChromeAndroid versions",
  "last 2 Chrome versions",
  "last 2 Firefox versions",
  "last 2 Safari versions",
  "last 2 iOS versions",
  "last 2 Edge versions",
  "last 2 Opera versions",
]
`;
